// Jest Snapshot v1, https://goo.gl/fbAQLP

exports[`Sidebar renders correctly 1`] = `
<ul
  className="nav flex-column sidebar"
>
  <li
    className="nav-item"
  >
    <a
      className="nav-link active"
    >
      Sales Analysis
    </a>
  </li>
  <li
    className="nav-item"
  >
    <a
      className="nav-link"
    >
      Inventory
    </a>
  </li>
  <li
    className="nav-item"
  >
    <a
      className="nav-link"
    >
      Monthly Expenses
    </a>
  </li>
  <li
    className="nav-item"
  >
    <a
      className="nav-link"
    >
      Notifications
    </a>
  </li>
</ul>
`;
